// Jest Snapshot v1, https://goo.gl/fbAQLP

exports[`Should offers render correctly 1`] = `
<section
  className="cities__places places"
>
  <h2
    className="visually-hidden"
  >
    Places
  </h2>
  <b
    className="places__found"
  >
    3
     places to stay in 
    Vinnytsya
  </b>
  <form
    action="#"
    className="places__sorting"
    method="get"
  >
    <span
      className="places__sorting-caption"
    >
      Sort by 
    </span>
    <span
      className="places__sorting-type"
      onClick={[Function]}
      tabIndex="0"
    >
      Popular
      <svg
        className="places__sorting-arrow"
        height="4"
        width="7"
      >
        <use
          xlinkHref="#icon-arrow-select"
        />
      </svg>
    </span>
    <ul
      className="places__options places__options--custom"
    >
      <li
        className="places__option places__option--active"
        onClick={[Function]}
        tabIndex="0"
      >
        Popular
      </li>
      <li
        className="places__option"
        onClick={[Function]}
        tabIndex="0"
      >
        Price: low to high
      </li>
      <li
        className="places__option"
        onClick={[Function]}
        tabIndex="0"
      >
        Price: high to low
      </li>
      <li
        className="places__option"
        onClick={[Function]}
        tabIndex="0"
      >
        Top rated first
      </li>
    </ul>
  </form>
  <div
    className="cities__places-list places__list tabs__content"
  >
    <article
      className="cities__place-card place-card"
    >
      <div
        className="cities__image-wrapper place-card__image-wrapper"
      >
        <a
          href="#"
        >
          <img
            alt="Lorem ipsum"
            className="place-card__image"
            height="200"
            src="https://i.picsum.photos/id/22/260/200.jpg"
            width="260"
          />
        </a>
      </div>
      <div
        className="place-card__info"
      >
        <div
          className="place-card__price-wrapper"
        >
          <div
            className="place-card__price"
          >
            <b
              className="place-card__price-value"
            >
              €
              100
            </b>
            <span
              className="place-card__price-text"
            >
              / night
            </span>
          </div>
          <button
            className="place-card__bookmark-button button"
            type="button"
          >
            <svg
              className="place-card__bookmark-icon"
              height="19"
              width="18"
            >
              <use
                xlinkHref="#icon-bookmark"
              />
            </svg>
            <span
              className="visually-hidden"
            >
              To bookmarks
            </span>
          </button>
        </div>
        <div
          className="place-card__rating rating"
        >
          <div
            className="place-card__stars rating__stars"
          >
            <span
              style={
                Object {
                  "width": "80%",
                }
              }
            />
            <span
              className="visually-hidden"
            >
              Rating
            </span>
          </div>
        </div>
        <h2
          className="place-card__name"
        >
          <a
            href="#"
          >
            Lorem ipsum
          </a>
        </h2>
        <p
          className="place-card__type"
        >
          apartment
        </p>
      </div>
    </article>
    <article
      className="cities__place-card place-card"
    >
      <div
        className="place-card__mark"
      >
        <span>
          Premium
        </span>
      </div>
      <div
        className="cities__image-wrapper place-card__image-wrapper"
      >
        <a
          href="#"
        >
          <img
            alt="Ut enim ad minim veniam"
            className="place-card__image"
            height="200"
            src="https://i.picsum.photos/id/23/260/200.jpg"
            width="260"
          />
        </a>
      </div>
      <div
        className="place-card__info"
      >
        <div
          className="place-card__price-wrapper"
        >
          <div
            className="place-card__price"
          >
            <b
              className="place-card__price-value"
            >
              €
              9
            </b>
            <span
              className="place-card__price-text"
            >
              / night
            </span>
          </div>
          <button
            className="place-card__bookmark-button button"
            type="button"
          >
            <svg
              className="place-card__bookmark-icon"
              height="19"
              width="18"
            >
              <use
                xlinkHref="#icon-bookmark"
              />
            </svg>
            <span
              className="visually-hidden"
            >
              To bookmarks
            </span>
          </button>
        </div>
        <div
          className="place-card__rating rating"
        >
          <div
            className="place-card__stars rating__stars"
          >
            <span
              style={
                Object {
                  "width": "80%",
                }
              }
            />
            <span
              className="visually-hidden"
            >
              Rating
            </span>
          </div>
        </div>
        <h2
          className="place-card__name"
        >
          <a
            href="#"
          >
            Ut enim ad minim veniam
          </a>
        </h2>
        <p
          className="place-card__type"
        >
          room
        </p>
      </div>
    </article>
    <article
      className="cities__place-card place-card"
    >
      <div
        className="cities__image-wrapper place-card__image-wrapper"
      >
        <a
          href="#"
        >
          <img
            alt="Excepteur sint occaecat cupidatat non proident"
            className="place-card__image"
            height="200"
            src="https://i.picsum.photos/id/24/260/200.jpg"
            width="260"
          />
        </a>
      </div>
      <div
        className="place-card__info"
      >
        <div
          className="place-card__price-wrapper"
        >
          <div
            className="place-card__price"
          >
            <b
              className="place-card__price-value"
            >
              €
              13
            </b>
            <span
              className="place-card__price-text"
            >
              / night
            </span>
          </div>
          <button
            className="place-card__bookmark-button button place-card__bookmark-button--active"
            type="button"
          >
            <svg
              className="place-card__bookmark-icon"
              height="19"
              width="18"
            >
              <use
                xlinkHref="#icon-bookmark"
              />
            </svg>
            <span
              className="visually-hidden"
            >
              To bookmarks
            </span>
          </button>
        </div>
        <div
          className="place-card__rating rating"
        >
          <div
            className="place-card__stars rating__stars"
          >
            <span
              style={
                Object {
                  "width": "100%",
                }
              }
            />
            <span
              className="visually-hidden"
            >
              Rating
            </span>
          </div>
        </div>
        <h2
          className="place-card__name"
        >
          <a
            href="#"
          >
            Excepteur sint occaecat cupidatat non proident
          </a>
        </h2>
        <p
          className="place-card__type"
        >
          house
        </p>
      </div>
    </article>
  </div>
</section>
`;
